Log code generated in : test.log
Warning: HALT NOT FOUND
Machine code generated in: test.o
Listing code generated in: test.l
